node.exe : npm warn config ignoring workspace config at 
C:\Users\ratte\OneDrive\Desktop\Overseekv2\client/.npmrc
At line:1 char:1
+ & "C:\Program Files\nodejs/node.exe" "C:\Program 
Files\nodejs/node_mo ...
+ ~~~~~~~~~~~~~~~~~~~~~~~~~~~~~~~~~~~~~~~~~~~~~~~~~~~~~~~~~~~~~~~~
~~~~~
    + CategoryInfo          : NotSpecified: (npm warn config...2\ 
   client/.npmrc:String) [], RemoteException
    + FullyQualifiedErrorId : NativeCommandError
 
[36mvite v5.4.21 [32mbuilding for production...[36m[39m
transforming...
[32mΓ£ô[39m 1561 modules transformed.
[31mx[39m Build failed in 1.90s
[31merror during build:
[31m[vite]: Rollup failed to resolve import 
"quill-emoji/dist/quill-emoji.css" from "C:/Users/ratte/OneDrive/D
esktop/Overseekv2/client/src/components/chat/InboxRichTextEditor.t
sx".
This is most likely unintended because it can break your 
application at runtime.
If you do want to externalize this module explicitly add it to
`build.rollupOptions.external`[31m
    at viteWarn (file:///C:/Users/ratte/OneDrive/Desktop/Overseekv
2/node_modules/vite/dist/node/chunks/dep-BK3b2jBa.js:65855:17)
    at onwarn (file:///C:/Users/ratte/OneDrive/Desktop/Overseekv2/
node_modules/@vitejs/plugin-react/dist/index.js:90:7)
    at onRollupWarning (file:///C:/Users/ratte/OneDrive/Desktop/Ov
erseekv2/node_modules/vite/dist/node/chunks/dep-BK3b2jBa.js:65885:
5)
    at onwarn (file:///C:/Users/ratte/OneDrive/Desktop/Overseekv2/
node_modules/vite/dist/node/chunks/dep-BK3b2jBa.js:65550:7)
    at file:///C:/Users/ratte/OneDrive/Desktop/Overseekv2/node_mod
ules/rollup/dist/es/shared/node-entry.js:21046:13
    at Object.logger [as onLog] (file:///C:/Users/ratte/OneDrive/D
esktop/Overseekv2/node_modules/rollup/dist/es/shared/node-entry.js
:22919:9)
    at ModuleLoader.handleInvalidResolvedId (file:///C:/Users/ratt
e/OneDrive/Desktop/Overseekv2/node_modules/rollup/dist/es/shared/n
ode-entry.js:21663:26)
    at file:///C:/Users/ratte/OneDrive/Desktop/Overseekv2/node_mod
ules/rollup/dist/es/shared/node-entry.js:21621:26[39m
