node.exe : npm warn config ignoring workspace config at 
C:\Users\ratte\OneDrive\Desktop\Overseekv2\client/.npmrc
At line:1 char:1
+ & "C:\Program Files\nodejs/node.exe" "C:\Program 
Files\nodejs/node_mo ...
+ ~~~~~~~~~~~~~~~~~~~~~~~~~~~~~~~~~~~~~~~~~~~~~~~~~~~~~~~~~~~~~~~~
~~~~~
    + CategoryInfo          : NotSpecified: (npm warn config...2\ 
   client/.npmrc:String) [], RemoteException
    + FullyQualifiedErrorId : NativeCommandError
 
src/components/analytics/VisitorProfileModal.tsx(384,60): error TS18048: 'data.visits' is possibly 'undefined'.
src/components/chat/ChatWindow.tsx(108,85): error TS2339: Property 'isDefault' does not exist on type 'EmailAccount'.
src/components/common/RichTextEditor/plugins/ToolbarPlugin.tsx(153,16): error TS2339: Property 'focus' does not exist on type 'LexicalEditor'.
src/pages/mobile/MobileVisitorDetail.tsx(344,48): error TS18048: 'data.visits' is possibly 'undefined'.
