
> overseek-dashboard@0.0.0 build
> vite build

[36mvite v7.3.0 [32mbuilding client environment for production...[36m[39m
transforming...
[32mΓ£ô[39m 66 modules transformed.
node.exe : 
[31mΓ£ù[39m Build 
failed in 430ms
At C:\Program Files\no
dejs\npm.ps1:29 char:3
+   & $NODE_EXE 
$NPM_CLI_JS $args
+   ~~~~~~~~~~~~~~~~~~
~~~~~~~~~~~
    + CategoryInfo    
          : NotSpeci  
  fied: ([31mΓ£ù[   
 39m Build failed     
in 430ms:String)     
[], RemoteExcepti    
on
    + FullyQualifiedE 
   rrorId : NativeCo  
  mmandError
 
[31merror during 
build:
[31m[vite:esbuild] 
Transform failed with 
1 error:
C:/Users/ratte/Desktop
/Dashboard/src/compone
nts/settings/SyncSetti
ngs.jsx:86:4: ERROR: 
Unexpected 
"return"[31m
file: [36mC:/Users/ra
tte/Desktop/Dashboard/
src/components/setting
s/SyncSettings.jsx:86:
4[31m
[33m
[33mUnexpected 
"return"[33m
84 |  
85 |      return (
86 |      return (
   |      ^
87 |          <form 
onSubmit={handleSave} 
className="fade-in">
88 |              
<div className="settin
gs-content-header">
[31m
    at 
failureErrorWithLog (C
:\Users\ratte\Desktop\
Dashboard\node_modules
\esbuild\lib\main.js:1
467:15)
    at C:\Users\ratte\
Desktop\Dashboard\node
_modules\esbuild\lib\m
ain.js:736:50
    at responseCallbac
ks.<computed> (C:\User
s\ratte\Desktop\Dashbo
ard\node_modules\esbui
ld\lib\main.js:603:9)
    at 
handleIncomingPacket (
C:\Users\ratte\Desktop
\Dashboard\node_module
s\esbuild\lib\main.js:
658:12)
    at 
Socket.readFromStdout 
(C:\Users\ratte\Deskto
p\Dashboard\node_modul
es\esbuild\lib\main.js
:581:7)
    at Socket.emit 
(node:events:518:28)
    at addChunk (node:
internal/streams/reada
ble:561:12)
    at readableAddChun
kPushByteMode (node:in
ternal/streams/readabl
e:512:3)
    at Readable.push (
node:internal/streams/
readable:392:5)
    at 
Pipe.onStreamRead (nod
e:internal/stream_base
_commons:189:23)[39m
