src/services/analytics/sales.ts(180,52): error TS7006: Parameter 'sum' implicitly has an 'any' type.
src/services/analytics/sales.ts(180,57): error TS7006: Parameter 'd' implicitly has an 'any' type.
src/services/analytics/sales.ts(183,62): error TS7006: Parameter 'd' implicitly has an 'any' type.
src/services/analytics/sales.ts(184,62): error TS7006: Parameter 'sum' implicitly has an 'any' type.
src/services/analytics/sales.ts(184,67): error TS7006: Parameter 'd' implicitly has an 'any' type.
src/services/analytics/sales.ts(190,58): error TS7006: Parameter 'd' implicitly has an 'any' type.
src/services/analytics/sales.ts(203,57): error TS7006: Parameter 'd' implicitly has an 'any' type.
